// Jest Snapshot v1, https://goo.gl/fbAQLP

exports[`PrivateRoute Tests PrivateRoute renders correctly 1`] = `
<ContextConsumer>
  <Component />
</ContextConsumer>
`;
