// Jest Snapshot v1, https://goo.gl/fbAQLP

exports[`ProvideAuth Tests ProvideAuth renders correctly 1`] = `
<div>
  test
</div>
`;
