// Jest Snapshot v1, https://goo.gl/fbAQLP

exports[`LoginPage Tests LoginPage renders correctly 1`] = `
<main>
  <ForwardRef(InternalForm)
    initialValues={
      Object {
        "remember": true,
      }
    }
    layout="vertical"
    name="basic"
    onFinish={[Function]}
  >
    <FormItem
      label="Username"
      name="username"
      rules={
        Array [
          Object {
            "message": "Please input your username!",
            "required": true,
          },
          Object {
            "message": "Invalid Username",
            "pattern": /\\^\\(\\\\S\\)\\+@\\\\S\\{1,128\\}\\\\\\.\\\\S\\{1,6\\}\\$/,
          },
        ]
      }
    >
      <Input
        size="large"
        type="text"
      />
    </FormItem>
    <FormItem
      label="Password"
      name="password"
      rules={
        Array [
          Object {
            "message": "Please input your password!",
            "required": true,
          },
          Object {
            "message": "minimum 8 characters, at least one letter and one number",
            "pattern": /\\^\\(\\?=\\.\\*\\[A-Za-z\\]\\)\\(\\?=\\.\\*\\\\d\\)\\[A-Za-z\\\\d\\]\\{8,128\\}\\$/,
          },
        ]
      }
    >
      <Password
        action="click"
        iconRender={[Function]}
        size="large"
        visibilityToggle={true}
      />
    </FormItem>
    <FormItem
      name="remember"
      valuePropName="checked"
    >
      <Checkbox
        indeterminate={false}
      >
        Remember me
      </Checkbox>
    </FormItem>
    <FormItem>
      <Button
        block={false}
        ghost={false}
        htmlType="submit"
        loading={false}
        size="large"
        type="primary"
      >
        Log in
      </Button>
    </FormItem>
  </ForwardRef(InternalForm)>
</main>
`;
